../Core/Src/main.c:79:6:logMsg	16	static
../Core/Src/main.c:86:6:logGetMsg	16	static
../Core/Src/main.c:96:5:main	120	static
../Core/Src/main.c:223:6:SystemClock_Config	96	static
../Core/Src/main.c:284:13:MX_DFSDM1_Init	8	static
../Core/Src/main.c:322:13:MX_I2C2_Init	8	static
../Core/Src/main.c:370:13:MX_QUADSPI_Init	8	static
../Core/Src/main.c:403:13:MX_SPI3_Init	8	static
../Core/Src/main.c:443:13:MX_USART1_UART_Init	8	static
../Core/Src/main.c:478:13:MX_USART3_UART_Init	8	static
../Core/Src/main.c:513:13:MX_USB_OTG_FS_PCD_Init	8	static
../Core/Src/main.c:548:13:MX_GPIO_Init	48	static
../Core/Src/main.c:735:6:HAL_UART_TxCpltCallback	16	static
../Core/Src/main.c:743:6:HAL_UART_RxCpltCallback	16	static
../Core/Src/main.c:751:10:numOnes	24	static,ignoring_inline_asm
../Core/Src/main.c:773:6:HAL_GPIO_EXTI_Callback	48	static
../Core/Src/main.c:782:6:myDisableIntr	16	static
../Core/Src/main.c:788:6:myEnableIntr	16	static
../Core/Src/main.c:794:6:myDisableAllIntr	4	static,ignoring_inline_asm
../Core/Src/main.c:804:6:Error_Handler	4	static,ignoring_inline_asm
