23:06:00 **** Incremental Build of configuration Debug for project HelloBlinkLED ****
make -j7 all 
arm-none-eabi-gcc "../Core/Src/main.c" -mcpu=cortex-m4 -std=gnu11 -g3 -DDEBUG -DUSE_HAL_DRIVER -DSTM32L475xx -c -I../Core/Inc -I../Drivers/STM32L4xx_HAL_Driver/Inc -I../Drivers/STM32L4xx_HAL_Driver/Inc/Legacy -I../Drivers/CMSIS/Device/ST/STM32L4xx/Include -I../Drivers/CMSIS/Include -O0 -ffunction-sections -fdata-sections -Wall -fstack-usage -fcyclomatic-complexity -MMD -MP -MF"Core/Src/main.d" -MT"Core/Src/main.o" --specs=nano.specs -mfpu=fpv4-sp-d16 -mfloat-abi=hard -mthumb -o "Core/Src/main.o"
arm-none-eabi-gcc -o "HelloBlinkLED.elf" @"objects.list"   -mcpu=cortex-m4 -T"/Users/kaichang/Desktop/git/UCSD/Embedded Controller Programming with Embedded C/Week1/HelloBlinkLED/STM32L475VGTX_FLASH.ld" --specs=nosys.specs -Wl,-Map="HelloBlinkLED.map" -Wl,--gc-sections -static --specs=nano.specs -mfpu=fpv4-sp-d16 -mfloat-abi=hard -mthumb -Wl,--start-group -lc -lm -Wl,--end-group
Finished building target: HelloBlinkLED.elf
 
arm-none-eabi-size   HelloBlinkLED.elf 
arm-none-eabi-objdump -h -S  HelloBlinkLED.elf  > "HelloBlinkLED.list"
   text	   data	    bss	    dec	    hex	filename
  18896	     20	   3476	  22392	   5778	HelloBlinkLED.elf
Finished building: default.size.stdout
 
Finished building: HelloBlinkLED.list
 
23:07:17 **** Incremental Build of configuration Debug for project HelloBlinkLED ****
make -j7 all 
arm-none-eabi-size   HelloBlinkLED.elf 
   text	   data	    bss	    dec	    hex	filename
  18896	     20	   3476	  22392	   5778	HelloBlinkLED.elf
Finished building: default.size.stdout
 
