23:15:32 **** Incremental Build of configuration Debug for project HW2 ****
make -j8 all 
arm-none-eabi-gcc "../Core/Src/main.c" -mcpu=cortex-m4 -std=gnu11 -g3 -DDEBUG -DUSE_HAL_DRIVER -DSTM32L475xx -c -I../Core/Inc -I../Drivers/STM32L4xx_HAL_Driver/Inc -I../Drivers/STM32L4xx_HAL_Driver/Inc/Legacy -I../Drivers/CMSIS/Device/ST/STM32L4xx/Include -I../Drivers/CMSIS/Include -O0 -ffunction-sections -fdata-sections -Wall -fstack-usage -fcyclomatic-complexity -MMD -MP -MF"Core/Src/main.d" -MT"Core/Src/main.o" --specs=nano.specs -mfpu=fpv4-sp-d16 -mfloat-abi=hard -mthumb -o "Core/Src/main.o"
arm-none-eabi-gcc -o "HW2.elf" @"objects.list"   -mcpu=cortex-m4 -T"C:\learning\UCSD\Embedded Controller Programming for Real-Time Systems\Week2\HW2\HW2\STM32L475VGTX_FLASH.ld" --specs=nosys.specs -Wl,-Map="HW2.map" -Wl,--gc-sections -static --specs=nano.specs -mfpu=fpv4-sp-d16 -mfloat-abi=hard -mthumb -Wl,--start-group -lc -lm -Wl,--end-group
Finished building target: HW2.elf
 
arm-none-eabi-size   HW2.elf 
arm-none-eabi-objdump -h -S  HW2.elf  > "HW2.list"
   text	   data	    bss	    dec	    hex	filename
  22792	    124	   3500	  26416	   6730	HW2.elf
Finished building: default.size.stdout
 
Finished building: HW2.list
 
23:15:38 **** Incremental Build of configuration Debug for project HW2 ****
make -j8 all 
arm-none-eabi-size   HW2.elf 
   text	   data	    bss	    dec	    hex	filename
  22792	    124	   3500	  26416	   6730	HW2.elf
Finished building: default.size.stdout
 
