../Core/Src/main.c:83:5:main	16	static
../Core/Src/main.c:143:6:SystemClock_Config	96	static
../Core/Src/main.c:204:13:MX_DFSDM1_Init	8	static
../Core/Src/main.c:242:13:MX_I2C2_Init	8	static
../Core/Src/main.c:290:13:MX_QUADSPI_Init	8	static
../Core/Src/main.c:323:13:MX_SPI3_Init	8	static
../Core/Src/main.c:363:13:MX_USART1_UART_Init	8	static
../Core/Src/main.c:398:13:MX_USART3_UART_Init	8	static
../Core/Src/main.c:433:13:MX_USB_OTG_FS_PCD_Init	8	static
../Core/Src/main.c:468:13:MX_GPIO_Init	48	static
../Core/Src/main.c:662:6:Error_Handler	4	static,ignoring_inline_asm
