../Drivers/STM32L4xx_HAL_Driver/Inc/stm32l4xx_ll_gpio.h:1014:22:LL_GPIO_TogglePin	24	static
../Drivers/STM32L4xx_HAL_Driver/Inc/stm32l4xx_ll_utils.h:203:26:LL_GetUID_Word0	4	static
../Drivers/STM32L4xx_HAL_Driver/Inc/stm32l4xx_ll_utils.h:212:26:LL_GetUID_Word1	4	static
../Drivers/STM32L4xx_HAL_Driver/Inc/stm32l4xx_ll_utils.h:221:26:LL_GetUID_Word2	4	static
../Drivers/STM32L4xx_HAL_Driver/Inc/stm32l4xx_ll_utils.h:232:26:LL_GetFlashSize	4	static
../Core/Src/main.c:90:5:main	56	static
../Core/Src/main.c:208:6:SystemClock_Config	96	static
../Core/Src/main.c:269:13:MX_DFSDM1_Init	8	static
../Core/Src/main.c:307:13:MX_I2C2_Init	8	static
../Core/Src/main.c:355:13:MX_QUADSPI_Init	8	static
../Core/Src/main.c:388:13:MX_SPI3_Init	8	static
../Core/Src/main.c:428:13:MX_USART1_UART_Init	8	static
../Core/Src/main.c:463:13:MX_USART3_UART_Init	8	static
../Core/Src/main.c:498:13:MX_USB_OTG_FS_PCD_Init	8	static
../Core/Src/main.c:533:13:MX_GPIO_Init	48	static
../Core/Src/main.c:720:6:HAL_GPIO_EXTI_Callback	16	static
../Core/Src/main.c:740:6:Error_Handler	4	static,ignoring_inline_asm
