22:04:23 **** Incremental Build of configuration Debug for project Embedded-C-Assignment-4 ****
make -j8 all 
arm-none-eabi-gcc "../Core/Src/main.c" -mcpu=cortex-m4 -std=gnu11 -g3 -DDEBUG -DUSE_HAL_DRIVER -DSTM32L475xx -c -I../Core/Inc -I"C:/learning/UCSD/Embedded Controller Programming with Embedded C/Week4/HW4/Embedded-C-Assignment-4/Drivers/BSP/B-L475E-IOT01" -I../Drivers/STM32L4xx_HAL_Driver/Inc -I../Drivers/STM32L4xx_HAL_Driver/Inc/Legacy -I../Drivers/CMSIS/Device/ST/STM32L4xx/Include -I../Drivers/CMSIS/Include -O0 -ffunction-sections -fdata-sections -Wall -fstack-usage -fcyclomatic-complexity -MMD -MP -MF"Core/Src/main.d" -MT"Core/Src/main.o" --specs=nano.specs -mfpu=fpv4-sp-d16 -mfloat-abi=soft -mthumb -o "Core/Src/main.o"
arm-none-eabi-gcc -o "Embedded-C-Assignment-4.elf" @"objects.list"   -mcpu=cortex-m4 -T"C:\learning\UCSD\Embedded Controller Programming with Embedded C\Week4\HW4\Embedded-C-Assignment-4\STM32L475VGTX_FLASH.ld" --specs=nosys.specs -Wl,-Map="Embedded-C-Assignment-4.map" -Wl,--gc-sections -static --specs=nano.specs -mfpu=fpv4-sp-d16 -mfloat-abi=soft -mthumb -Wl,--start-group -lc -lm -Wl,--end-group
Finished building target: Embedded-C-Assignment-4.elf
 
arm-none-eabi-size   Embedded-C-Assignment-4.elf 
arm-none-eabi-objdump -h -S  Embedded-C-Assignment-4.elf  > "Embedded-C-Assignment-4.list"
   text	   data	    bss	    dec	    hex	filename
  27292	    136	   3584	  31012	   7924	Embedded-C-Assignment-4.elf
Finished building: default.size.stdout
 
Finished building: Embedded-C-Assignment-4.list
 
22:04:30 **** Incremental Build of configuration Debug for project Embedded-C-Assignment-4 ****
make -j8 all 
arm-none-eabi-size   Embedded-C-Assignment-4.elf 
   text	   data	    bss	    dec	    hex	filename
  27292	    136	   3584	  31012	   7924	Embedded-C-Assignment-4.elf
Finished building: default.size.stdout
 
