../Core/Src/main.c:79:6:logMsg	16	static
../Core/Src/main.c:84:6:logGetMsg	16	static
../Core/Src/main.c:95:5:main	112	static
../Core/Src/main.c:184:6:SystemClock_Config	96	static
../Core/Src/main.c:245:13:MX_DFSDM1_Init	8	static
../Core/Src/main.c:283:13:MX_I2C2_Init	8	static
../Core/Src/main.c:331:13:MX_QUADSPI_Init	8	static
../Core/Src/main.c:364:13:MX_SPI3_Init	8	static
../Core/Src/main.c:404:13:MX_USART1_UART_Init	8	static
../Core/Src/main.c:439:13:MX_USART3_UART_Init	8	static
../Core/Src/main.c:474:13:MX_USB_OTG_FS_PCD_Init	8	static
../Core/Src/main.c:509:13:MX_GPIO_Init	48	static
../Core/Src/main.c:703:6:Error_Handler	4	static,ignoring_inline_asm
