../Core/Src/main.c:81:10:find_max	24	static
../Core/Src/main.c:92:10:find_min	24	static
../Core/Src/main.c:109:5:main	176	static
../Core/Src/main.c:191:6:SystemClock_Config	96	static
../Core/Src/main.c:251:6:PeriphCommonClock_Config	144	static
../Core/Src/main.c:278:13:MX_ADC1_Init	48	static
../Core/Src/main.c:345:13:MX_DFSDM1_Init	8	static
../Core/Src/main.c:383:13:MX_I2C2_Init	8	static
../Core/Src/main.c:431:13:MX_QUADSPI_Init	8	static
../Core/Src/main.c:464:13:MX_SPI3_Init	8	static
../Core/Src/main.c:504:13:MX_USART1_UART_Init	8	static
../Core/Src/main.c:539:13:MX_USART3_UART_Init	8	static
../Core/Src/main.c:574:13:MX_USB_OTG_FS_PCD_Init	8	static
../Core/Src/main.c:609:13:MX_GPIO_Init	48	static
../Core/Src/main.c:769:6:Error_Handler	4	static,ignoring_inline_asm
