../Core/Src/main.c:88:6:do_who_am_i	128	static
../Core/Src/main.c:109:6:do_temp_polled	144	static
../Core/Src/main.c:199:6:do_temp_interrupt	144	static
../Core/Src/main.c:285:6:do_temp_dma	144	static
../Core/Src/main.c:373:5:main	24	static
../Core/Src/main.c:445:6:SystemClock_Config	96	static
../Core/Src/main.c:506:13:MX_DFSDM1_Init	8	static
../Core/Src/main.c:544:13:MX_I2C2_Init	8	static
../Core/Src/main.c:592:13:MX_QUADSPI_Init	8	static
../Core/Src/main.c:625:13:MX_SPI3_Init	8	static
../Core/Src/main.c:665:13:MX_USART1_UART_Init	8	static
../Core/Src/main.c:700:13:MX_USART3_UART_Init	8	static
../Core/Src/main.c:735:13:MX_USB_OTG_FS_PCD_Init	8	static
../Core/Src/main.c:768:13:MX_DMA_Init	16	static
../Core/Src/main.c:789:13:MX_GPIO_Init	48	static
../Core/Src/main.c:976:6:HAL_I2C_MasterTxCpltCallback	16	static
../Core/Src/main.c:983:6:HAL_I2C_MasterRxCpltCallback	120	static
../Core/Src/main.c:1005:6:Error_Handler	4	static,ignoring_inline_asm
