../Core/Src/main.c:94:5:main	152	static
../Core/Src/main.c:164:6:SystemClock_Config	96	static
../Core/Src/main.c:225:13:MX_DFSDM1_Init	8	static
../Core/Src/main.c:263:13:MX_I2C2_Init	8	static
../Core/Src/main.c:311:13:MX_QUADSPI_Init	8	static
../Core/Src/main.c:344:13:MX_SPI3_Init	8	static
../Core/Src/main.c:384:13:MX_USART1_UART_Init	8	static
../Core/Src/main.c:419:13:MX_USART3_UART_Init	8	static
../Core/Src/main.c:454:13:MX_USB_OTG_FS_PCD_Init	8	static
../Core/Src/main.c:489:13:MX_GPIO_Init	48	static
../Core/Src/main.c:676:26:I2Cx_ReadMultiple	48	static
../Core/Src/main.c:691:26:I2Cx_WriteMultiple	48	static
../Core/Src/main.c:706:16:Sensor_Read	32	static
../Core/Src/main.c:715:17:Sensor_Read_Multiple	24	static
../Core/Src/main.c:720:13:Sensor_Write_Multiple	24	static
../Core/Src/main.c:725:13:Temperature_Sensor_Init	24	static
../Core/Src/main.c:747:13:Humidity_Sensor_Init	24	static
../Core/Src/main.c:769:14:Read_Temp_Sensor	40	static
../Core/Src/main.c:798:14:Read_Humidity_Sensor	40	static
../Core/Src/main.c:838:6:Error_Handler	4	static,ignoring_inline_asm
