../Core/Src/main.c:89:5:main	72	static
../Core/Src/main.c:171:6:SystemClock_Config	96	static
../Core/Src/main.c:232:13:MX_DFSDM1_Init	8	static
../Core/Src/main.c:270:13:MX_I2C2_Init	8	static
../Core/Src/main.c:318:13:MX_QUADSPI_Init	8	static
../Core/Src/main.c:351:13:MX_SPI3_Init	8	static
../Core/Src/main.c:391:13:MX_USART1_UART_Init	8	static
../Core/Src/main.c:426:13:MX_USART3_UART_Init	8	static
../Core/Src/main.c:461:13:MX_USB_OTG_FS_PCD_Init	8	static
../Core/Src/main.c:496:13:MX_GPIO_Init	48	static
../Core/Src/main.c:693:6:StartDefaultTask	24	static
../Core/Src/main.c:715:6:StartTask02	24	static
../Core/Src/main.c:738:6:HAL_TIM_PeriodElapsedCallback	16	static
../Core/Src/main.c:755:6:Error_Handler	4	static,ignoring_inline_asm
